<?xml version="1.0" encoding="UTF-8"?>
<testsuites name="Oxford Web" tests="20" failures="0" time="3.315">
  <testsuite name="tokens" errors="0" failures="0" skipped="0" timestamp="2019-09-26T13:26:32" time="1.236" tests="1">
    <testcase classname="tokens should export an object in the format for postcss importFrom" name="tokens should export an object in the format for postcss importFrom" time="0.005">
    </testcase>
  </testsuite>
  <testsuite name="checkbox component" errors="0" failures="0" skipped="0" timestamp="2019-09-26T13:26:32" time="1.235" tests="5">
    <testcase classname="checkbox component default should render as type text" name="checkbox component default should render as type text" time="0.013">
    </testcase>
    <testcase classname="checkbox component default should render as type password" name="checkbox component default should render as type password" time="0.001">
    </testcase>
    <testcase classname="checkbox component default should render as type email" name="checkbox component default should render as type email" time="0.001">
    </testcase>
    <testcase classname="checkbox component disabled should render input as disabled" name="checkbox component disabled should render input as disabled" time="0.001">
    </testcase>
    <testcase classname="checkbox component placeholder should render input with placeholder text" name="checkbox component placeholder should render input with placeholder text" time="0.001">
    </testcase>
  </testsuite>
  <testsuite name="tokens package" errors="0" failures="0" skipped="0" timestamp="2019-09-26T13:26:32" time="1.221" tests="2">
    <testcase classname="tokens package should export a toJSON method" name="tokens package should export a toJSON method" time="0.004">
    </testcase>
    <testcase classname="tokens package should export a default object" name="tokens package should export a default object" time="0.001">
    </testcase>
  </testsuite>
  <testsuite name="@somo/tda-components-text component" errors="0" failures="0" skipped="0" timestamp="2019-09-26T13:26:32" time="1.226" tests="1">
    <testcase classname="@somo/tda-components-text component should render the given prop element as the html tag" name="@somo/tda-components-text component should render the given prop element as the html tag" time="0.011">
    </testcase>
  </testsuite>
  <testsuite name="buttons" errors="0" failures="0" skipped="0" timestamp="2019-09-26T13:26:32" time="1.242" tests="2">
    <testcase classname="buttons should export a Primary component" name="buttons should export a Primary component" time="0.004">
    </testcase>
    <testcase classname="buttons should export a Outline component" name="buttons should export a Outline component" time="0">
    </testcase>
  </testsuite>
  <testsuite name="tokens toJSON()" errors="0" failures="0" skipped="0" timestamp="2019-09-26T13:26:32" time="1.24" tests="1">
    <testcase classname="tokens toJSON() should return a flattened object with the correct prefixes for each type" name="tokens toJSON() should return a flattened object with the correct prefixes for each type" time="0.007">
    </testcase>
  </testsuite>
  <testsuite name="@somo/oxd-components-app-template component" errors="0" failures="0" skipped="0" timestamp="2019-09-26T13:26:32" time="1.242" tests="1">
    <testcase classname="@somo/oxd-components-app-template component should not throw" name="@somo/oxd-components-app-template component should not throw" time="0.008">
    </testcase>
  </testsuite>
  <testsuite name="base button" errors="0" failures="0" skipped="0" timestamp="2019-09-26T13:26:32" time="2.547" tests="7">
    <testcase classname="base button should pass through props" name="base button should pass through props" time="0.008">
    </testcase>
    <testcase classname="base button should shallow the children" name="base button should shallow the children" time="0.004">
    </testcase>
    <testcase classname="base button should override base styles with given styles prop" name="base button should override base styles with given styles prop" time="0.001">
    </testcase>
    <testcase classname="base button should output a button element" name="base button should output a button element" time="0">
    </testcase>
    <testcase classname="base button when size is mini should set a class of mini" name="base button when size is mini should set a class of mini" time="0.001">
    </testcase>
    <testcase classname="base button when size is large should set a class of large" name="base button when size is large should set a class of large" time="0">
    </testcase>
    <testcase classname="base button when size is regular should set a class of regular" name="base button when size is regular should set a class of regular" time="0">
    </testcase>
  </testsuite>
</testsuites>